// Vitest Snapshot v1

exports[`axios 1`] = `
{
  "list": [
    "React",
    "ES6",
    "javaScript",
    "vue",
    "python",
  ],
}
`;
